nikita@nikita-VirtualBox:~$ sudo apt install docker.io -y
[sudo] пароль для nikita: 
Чтение списков пакетов… Готово
Построение дерева зависимостей… Готово
Чтение информации о состоянии… Готово         
Будут установлены следующие дополнительные пакеты:
  bridge-utils containerd git git-man liberror-perl pigz runc ubuntu-fan
Предлагаемые пакеты:
  ifupdown aufs-tools btrfs-progs cgroupfs-mount | cgroup-lite debootstrap
  docker-doc rinse zfs-fuse | zfsutils git-daemon-run | git-daemon-sysvinit
  git-doc git-email git-gui gitk gitweb git-cvs git-mediawiki git-svn
Следующие НОВЫЕ пакеты будут установлены:
  bridge-utils containerd docker.io git git-man liberror-perl pigz runc
  ubuntu-fan
Обновлено 0 пакетов, установлено 9 новых пакетов, для удаления отмечено 0 пакетов, и 151 пакетов не обновлено.
Необходимо скачать 76,2 MB архивов.
После данной операции объём занятого дискового пространства возрастёт на 307 MB.
Пол:1 http://ru.archive.ubuntu.com/ubuntu jammy/universe amd64 pigz amd64 2.6-1 [63,6 kB]
Пол:2 http://ru.archive.ubuntu.com/ubuntu jammy/main amd64 bridge-utils amd64 1.7-1ubuntu3 [34,4 kB]
Пол:3 http://ru.archive.ubuntu.com/ubuntu jammy-updates/main amd64 runc amd64 1.1.4-0ubuntu1~22.04.3 [4 244 kB]
Пол:4 http://ru.archive.ubuntu.com/ubuntu jammy-updates/main amd64 containerd amd64 1.6.12-0ubuntu1~22.04.1 [34,4 MB]
Пол:5 http://ru.archive.ubuntu.com/ubuntu jammy-updates/universe amd64 docker.io amd64 20.10.21-0ubuntu1~22.04.3 [33,3 MB]
Пол:6 http://ru.archive.ubuntu.com/ubuntu jammy/main amd64 liberror-perl all 0.17029-1 [26,5 kB]
Пол:7 http://ru.archive.ubuntu.com/ubuntu jammy-updates/main amd64 git-man all 1:2.34.1-1ubuntu1.9 [954 kB]
Пол:8 http://ru.archive.ubuntu.com/ubuntu jammy-updates/main amd64 git amd64 1:2.34.1-1ubuntu1.9 [3 166 kB]
Пол:9 http://ru.archive.ubuntu.com/ubuntu jammy/universe amd64 ubuntu-fan all 0.12.16 [35,2 kB]
Получено 76,2 MB за 40с (1 898 kB/s)                                           
Предварительная настройка пакетов …
Выбор ранее не выбранного пакета pigz.
(Чтение базы данных … на данный момент установлено 179209 файлов и каталогов.)
Подготовка к распаковке …/0-pigz_2.6-1_amd64.deb …
Распаковывается pigz (2.6-1) …
Выбор ранее не выбранного пакета bridge-utils.
Подготовка к распаковке …/1-bridge-utils_1.7-1ubuntu3_amd64.deb …
Распаковывается bridge-utils (1.7-1ubuntu3) …
Выбор ранее не выбранного пакета runc.
Подготовка к распаковке …/2-runc_1.1.4-0ubuntu1~22.04.3_amd64.deb …
Распаковывается runc (1.1.4-0ubuntu1~22.04.3) …
Выбор ранее не выбранного пакета containerd.
Подготовка к распаковке …/3-containerd_1.6.12-0ubuntu1~22.04.1_amd64.deb …
Распаковывается containerd (1.6.12-0ubuntu1~22.04.1) …
Выбор ранее не выбранного пакета docker.io.
Подготовка к распаковке …/4-docker.io_20.10.21-0ubuntu1~22.04.3_amd64.deb …
Распаковывается docker.io (20.10.21-0ubuntu1~22.04.3) …
Выбор ранее не выбранного пакета liberror-perl.
Подготовка к распаковке …/5-liberror-perl_0.17029-1_all.deb …
Распаковывается liberror-perl (0.17029-1) …
Выбор ранее не выбранного пакета git-man.
Подготовка к распаковке …/6-git-man_1%3a2.34.1-1ubuntu1.9_all.deb …
Распаковывается git-man (1:2.34.1-1ubuntu1.9) …
Выбор ранее не выбранного пакета git.
Подготовка к распаковке …/7-git_1%3a2.34.1-1ubuntu1.9_amd64.deb …
Распаковывается git (1:2.34.1-1ubuntu1.9) …
Выбор ранее не выбранного пакета ubuntu-fan.
Подготовка к распаковке …/8-ubuntu-fan_0.12.16_all.deb …
Распаковывается ubuntu-fan (0.12.16) …
Настраивается пакет runc (1.1.4-0ubuntu1~22.04.3) …
Настраивается пакет liberror-perl (0.17029-1) …
Настраивается пакет bridge-utils (1.7-1ubuntu3) …
Настраивается пакет pigz (2.6-1) …
Настраивается пакет git-man (1:2.34.1-1ubuntu1.9) …
Настраивается пакет containerd (1.6.12-0ubuntu1~22.04.1) …
Created symlink /etc/systemd/system/multi-user.target.wants/containerd.service →
 /lib/systemd/system/containerd.service.
Настраивается пакет ubuntu-fan (0.12.16) …
Created symlink /etc/systemd/system/multi-user.target.wants/ubuntu-fan.service →
 /lib/systemd/system/ubuntu-fan.service.
Настраивается пакет docker.io (20.10.21-0ubuntu1~22.04.3) …
Добавляется группа «docker» (GID 138) ...
Готово.
Created symlink /etc/systemd/system/multi-user.target.wants/docker.service → /li
b/systemd/system/docker.service.
Created symlink /etc/systemd/system/sockets.target.wants/docker.socket → /lib/sy
stemd/system/docker.socket.
Настраивается пакет git (1:2.34.1-1ubuntu1.9) …
Обрабатываются триггеры для man-db (2.10.2-1) …
nikita@nikita-VirtualBox:~$ sudo docker search ubuntu
NAME                             DESCRIPTION                                     STARS     OFFICIAL   AUTOMATED
ubuntu                           Ubuntu is a Debian-based Linux operating sys…   16026     [OK]       
websphere-liberty                WebSphere Liberty multi-architecture images …   294       [OK]       
ubuntu-upstart                   DEPRECATED, as is Upstart (find other proces…   114       [OK]       
neurodebian                      NeuroDebian provides neuroscience research s…   100       [OK]       
ubuntu/nginx                     Nginx, a high-performance reverse proxy & we…   95                   
open-liberty                     Open Liberty multi-architecture images based…   60        [OK]       
ubuntu/squid                     Squid is a caching proxy for the Web. Long-t…   60                   
ubuntu/apache2                   Apache, a secure & extensible open-source HT…   58                   
ubuntu/bind9                     BIND 9 is a very flexible, full-featured DNS…   52                   
ubuntu-debootstrap               DEPRECATED; use "ubuntu" instead                51        [OK]       
ubuntu/mysql                     MySQL open source fast, stable, multi-thread…   49                   
ubuntu/prometheus                Prometheus is a systems and service monitori…   42                   
ubuntu/kafka                     Apache Kafka, a distributed event streaming …   32                   
ubuntu/postgres                  PostgreSQL is an open source object-relation…   27                   
ubuntu/redis                     Redis, an open source key-value store. Long-…   18                   
ubuntu/prometheus-alertmanager   Alertmanager handles client alerts from Prom…   9                    
ubuntu/grafana                   Grafana, a feature rich metrics dashboard & …   9                    
ubuntu/dotnet-deps               Chiselled Ubuntu for self-contained .NET & A…   8                    
ubuntu/dotnet-aspnet             Chiselled Ubuntu runtime image for ASP.NET a…   7                    
ubuntu/zookeeper                 ZooKeeper maintains configuration informatio…   6                    
ubuntu/memcached                 Memcached, in-memory keyvalue store for smal…   5                    
ubuntu/dotnet-runtime            Chiselled Ubuntu runtime image for .NET apps…   5                    
ubuntu/telegraf                  Telegraf collects, processes, aggregates & w…   4                    
ubuntu/cortex                    Cortex provides storage for Prometheus. Long…   3                    
ubuntu/cassandra                 Cassandra, an open source NoSQL distributed …   2                    
nikita@nikita-VirtualBox:~$ sudo docker pull ubuntu
Using default tag: latest
latest: Pulling from library/ubuntu
837dd4791cdc: Pull complete 
Digest: sha256:ac58ff7fe25edc58bdf0067ca99df00014dbd032e2246d30a722fa348fd799a5
Status: Downloaded newer image for ubuntu:latest
docker.io/library/ubuntu:latest
nikita@nikita-VirtualBox:~$ sudo docker images
REPOSITORY   TAG       IMAGE ID       CREATED       SIZE
ubuntu       latest    1f6ddc1b2547   12 days ago   77.8MB
nikita@nikita-VirtualBox:~$ sudo docker pull nginx
Using default tag: latest
latest: Pulling from library/nginx
f03b40093957: Pull complete 
eed12bbd6494: Pull complete 
fa7eb8c8eee8: Pull complete 
7ff3b2b12318: Pull complete 
0f67c7de5f2c: Pull complete 
831f51541d38: Pull complete 
Digest: sha256:af296b188c7b7df99ba960ca614439c99cb7cf252ed7bbc23e90cfda59092305
Status: Downloaded newer image for nginx:latest
docker.io/library/nginx:latest
